// Jest Snapshot v1, https://goo.gl/fbAQLP

exports[`FramedBox renders and matches our snapshot 1`] = `
<div
  className="class-name inner"
>
  <div
    className="class-name__box box"
  >
    <div>
      Some Child
    </div>
  </div>
</div>
`;
