// Jest Snapshot v1, https://goo.gl/fbAQLP

exports[`Row renders and matches our snapshot 1`] = `
<div
  className="grid-x grid-margin-x class-name"
>
  <div>
    Some Child
  </div>
</div>
`;
